make: `dictionary' is up to date.
make: `dictionary' is up to date.
